c:\users\nolan\source\repos\dosbox\src\libs\debug\libpdcurses.lib
c:\users\nolan\source\repos\dosbox\src\libs\pdcurses\build\debug\pad.obj
c:\users\nolan\source\repos\dosbox\src\libs\pdcurses\build\debug\inopts.obj
c:\users\nolan\source\repos\dosbox\src\libs\pdcurses\build\debug\inch.obj
c:\users\nolan\source\repos\dosbox\src\libs\pdcurses\build\debug\border.obj
c:\users\nolan\source\repos\dosbox\src\libs\pdcurses\build\debug\move.obj
c:\users\nolan\source\repos\dosbox\src\libs\pdcurses\build\debug\initscr.obj
c:\users\nolan\source\repos\dosbox\src\libs\pdcurses\build\debug\debug.obj
c:\users\nolan\source\repos\dosbox\src\libs\pdcurses\build\debug\insstr.obj
c:\users\nolan\source\repos\dosbox\src\libs\pdcurses\build\debug\insch.obj
c:\users\nolan\source\repos\dosbox\src\libs\pdcurses\build\debug\pdcdisp.obj
c:\users\nolan\source\repos\dosbox\src\libs\pdcurses\build\debug\attr.obj
c:\users\nolan\source\repos\dosbox\src\libs\pdcurses\build\debug\mouse.obj
c:\users\nolan\source\repos\dosbox\src\libs\pdcurses\build\debug\touch.obj
c:\users\nolan\source\repos\dosbox\src\libs\pdcurses\build\debug\addch.obj
c:\users\nolan\source\repos\dosbox\src\libs\pdcurses\build\debug\getstr.obj
c:\users\nolan\source\repos\dosbox\src\libs\pdcurses\build\debug\clear.obj
c:\users\nolan\source\repos\dosbox\src\libs\pdcurses\build\debug\refresh.obj
c:\users\nolan\source\repos\dosbox\src\libs\pdcurses\build\debug\scroll.obj
c:\users\nolan\source\repos\dosbox\src\libs\pdcurses\build\debug\pdcclip.obj
c:\users\nolan\source\repos\dosbox\src\libs\pdcurses\build\debug\deleteln.obj
c:\users\nolan\source\repos\dosbox\src\libs\pdcurses\build\debug\kernel.obj
c:\users\nolan\source\repos\dosbox\src\libs\pdcurses\build\debug\scanw.obj
c:\users\nolan\source\repos\dosbox\src\libs\pdcurses\build\debug\pdcscrn.obj
c:\users\nolan\source\repos\dosbox\src\libs\pdcurses\build\debug\addstr.obj
c:\users\nolan\source\repos\dosbox\src\libs\pdcurses\build\debug\pdckbd.obj
c:\users\nolan\source\repos\dosbox\src\libs\pdcurses\build\debug\slk.obj
c:\users\nolan\source\repos\dosbox\src\libs\pdcurses\build\debug\keyname.obj
c:\users\nolan\source\repos\dosbox\src\libs\pdcurses\build\debug\termattr.obj
c:\users\nolan\source\repos\dosbox\src\libs\pdcurses\build\debug\util.obj
c:\users\nolan\source\repos\dosbox\src\libs\pdcurses\build\debug\window.obj
c:\users\nolan\source\repos\dosbox\src\libs\pdcurses\build\debug\addchstr.obj
c:\users\nolan\source\repos\dosbox\src\libs\pdcurses\build\debug\bkgd.obj
c:\users\nolan\source\repos\dosbox\src\libs\pdcurses\build\debug\pdcsetsc.obj
c:\users\nolan\source\repos\dosbox\src\libs\pdcurses\build\debug\inchstr.obj
c:\users\nolan\source\repos\dosbox\src\libs\pdcurses\build\debug\pdcutil.obj
c:\users\nolan\source\repos\dosbox\src\libs\pdcurses\build\debug\overlay.obj
c:\users\nolan\source\repos\dosbox\src\libs\pdcurses\build\debug\pdcgetsc.obj
c:\users\nolan\source\repos\dosbox\src\libs\pdcurses\build\debug\getyx.obj
c:\users\nolan\source\repos\dosbox\src\libs\pdcurses\build\debug\color.obj
c:\users\nolan\source\repos\dosbox\src\libs\pdcurses\build\debug\delch.obj
c:\users\nolan\source\repos\dosbox\src\libs\pdcurses\build\debug\beep.obj
c:\users\nolan\source\repos\dosbox\src\libs\pdcurses\build\debug\instr.obj
c:\users\nolan\source\repos\dosbox\src\libs\pdcurses\build\debug\panel.obj
c:\users\nolan\source\repos\dosbox\src\libs\pdcurses\build\debug\printw.obj
c:\users\nolan\source\repos\dosbox\src\libs\pdcurses\build\debug\outopts.obj
c:\users\nolan\source\repos\dosbox\src\libs\pdcurses\build\debug\scr_dump.obj
c:\users\nolan\source\repos\dosbox\src\libs\pdcurses\build\debug\getch.obj
c:\users\nolan\source\repos\dosbox\src\libs\pdcurses\build\debug\libpdcurses.tlog\cl.items.tlog
c:\users\nolan\source\repos\dosbox\src\libs\pdcurses\build\debug\libpdcurses.tlog\clang-cl.command.1.tlog
c:\users\nolan\source\repos\dosbox\src\libs\pdcurses\build\debug\libpdcurses.tlog\llvm-lib.command.1.tlog
c:\users\nolan\source\repos\dosbox\src\libs\pdcurses\build\debug\libpdcurses.tlog\llvm-lib.read.1.tlog
c:\users\nolan\source\repos\dosbox\src\libs\pdcurses\build\debug\libpdcurses.tlog\llvm-lib.write.1.tlog
c:\users\nolan\source\repos\dosbox\src\libs\pdcurses\build\debug\libpdcurses.tlog\microsoft.build.cpptasks.cl.read.1.tlog
c:\users\nolan\source\repos\dosbox\src\libs\pdcurses\build\debug\libpdcurses.tlog\microsoft.build.cpptasks.cl.write.1.tlog
