c:\users\nolan\source\repos\dosbox\src\libs\debug\libresidfp.lib
c:\users\nolan\source\repos\dosbox\src\libs\residfp\build\debug\dac.obj
c:\users\nolan\source\repos\dosbox\src\libs\residfp\build\debug\integrator8580.obj
c:\users\nolan\source\repos\dosbox\src\libs\residfp\build\debug\externalfilter.obj
c:\users\nolan\source\repos\dosbox\src\libs\residfp\build\debug\filtermodelconfig.obj
c:\users\nolan\source\repos\dosbox\src\libs\residfp\build\debug\waveformcalculator.obj
c:\users\nolan\source\repos\dosbox\src\libs\residfp\build\debug\filter8580.obj
c:\users\nolan\source\repos\dosbox\src\libs\residfp\build\debug\envelopegenerator.obj
c:\users\nolan\source\repos\dosbox\src\libs\residfp\build\debug\spline.obj
c:\users\nolan\source\repos\dosbox\src\libs\residfp\build\debug\filtermodelconfig8580.obj
c:\users\nolan\source\repos\dosbox\src\libs\residfp\build\debug\filter6581.obj
c:\users\nolan\source\repos\dosbox\src\libs\residfp\build\debug\sid.obj
c:\users\nolan\source\repos\dosbox\src\libs\residfp\build\debug\filter.obj
c:\users\nolan\source\repos\dosbox\src\libs\residfp\build\debug\sincresampler.obj
c:\users\nolan\source\repos\dosbox\src\libs\residfp\build\debug\waveformgenerator.obj
c:\users\nolan\source\repos\dosbox\src\libs\residfp\build\debug\filtermodelconfig6581.obj
c:\users\nolan\source\repos\dosbox\src\libs\residfp\build\debug\integrator6581.obj
c:\users\nolan\source\repos\dosbox\src\libs\residfp\build\debug\opamp.obj
c:\users\nolan\source\repos\dosbox\src\libs\residfp\build\debug\libresidfp.tlog\cl.items.tlog
c:\users\nolan\source\repos\dosbox\src\libs\residfp\build\debug\libresidfp.tlog\clang-cl.command.1.tlog
c:\users\nolan\source\repos\dosbox\src\libs\residfp\build\debug\libresidfp.tlog\llvm-lib.command.1.tlog
c:\users\nolan\source\repos\dosbox\src\libs\residfp\build\debug\libresidfp.tlog\llvm-lib.read.1.tlog
c:\users\nolan\source\repos\dosbox\src\libs\residfp\build\debug\libresidfp.tlog\llvm-lib.write.1.tlog
c:\users\nolan\source\repos\dosbox\src\libs\residfp\build\debug\libresidfp.tlog\microsoft.build.cpptasks.cl.read.1.tlog
c:\users\nolan\source\repos\dosbox\src\libs\residfp\build\debug\libresidfp.tlog\microsoft.build.cpptasks.cl.write.1.tlog
